Loading masks...
